19-Apr-2026 15:55:01.545 INFO [main] org.apache.catalina.startup.VersionLoggerListener.log Server version name:   Apache Tomcat/10.1.52
19-Apr-2026 15:55:01.568 INFO [main] org.apache.catalina.startup.VersionLoggerListener.log Server built:          Jan 23 2026 19:29:07 UTC
19-Apr-2026 15:55:01.570 INFO [main] org.apache.catalina.startup.VersionLoggerListener.log Server version number: 10.1.52.0
19-Apr-2026 15:55:01.571 INFO [main] org.apache.catalina.startup.VersionLoggerListener.log OS Name:               Linux
19-Apr-2026 15:55:01.571 INFO [main] org.apache.catalina.startup.VersionLoggerListener.log OS Version:            6.17.0-20-generic
19-Apr-2026 15:55:01.571 INFO [main] org.apache.catalina.startup.VersionLoggerListener.log Architecture:          amd64
19-Apr-2026 15:55:01.571 INFO [main] org.apache.catalina.startup.VersionLoggerListener.log Java Home:             /usr/lib/jvm/jdk-21.0.6-oracle-x64
19-Apr-2026 15:55:01.574 INFO [main] org.apache.catalina.startup.VersionLoggerListener.log JVM Version:           21.0.6+8-LTS-188
19-Apr-2026 15:55:01.574 INFO [main] org.apache.catalina.startup.VersionLoggerListener.log JVM Vendor:            Oracle Corporation
19-Apr-2026 15:55:01.575 INFO [main] org.apache.catalina.startup.VersionLoggerListener.log CATALINA_BASE:         /home/xio_mao/Downloads/FCI 4th year/2nd term/Adv. programming/section/section5_AP_DB/section5_radi/src
19-Apr-2026 15:55:01.575 INFO [main] org.apache.catalina.startup.VersionLoggerListener.log CATALINA_HOME:         /home/xio_mao/Downloads/apache-tomcat-10.1.52
19-Apr-2026 15:55:01.600 INFO [main] org.apache.catalina.startup.VersionLoggerListener.log Command line argument: --add-opens=java.base/java.lang=ALL-UNNAMED
19-Apr-2026 15:55:01.600 INFO [main] org.apache.catalina.startup.VersionLoggerListener.log Command line argument: --add-opens=java.base/java.io=ALL-UNNAMED
19-Apr-2026 15:55:01.600 INFO [main] org.apache.catalina.startup.VersionLoggerListener.log Command line argument: --add-opens=java.base/java.util=ALL-UNNAMED
19-Apr-2026 15:55:01.601 INFO [main] org.apache.catalina.startup.VersionLoggerListener.log Command line argument: --add-opens=java.base/java.util.concurrent=ALL-UNNAMED
19-Apr-2026 15:55:01.601 INFO [main] org.apache.catalina.startup.VersionLoggerListener.log Command line argument: --add-opens=java.rmi/sun.rmi.transport=ALL-UNNAMED
19-Apr-2026 15:55:01.601 INFO [main] org.apache.catalina.startup.VersionLoggerListener.log Command line argument: -Dcatalina.home=/home/xio_mao/Downloads/apache-tomcat-10.1.52
19-Apr-2026 15:55:01.602 INFO [main] org.apache.catalina.startup.VersionLoggerListener.log Command line argument: -Dcatalina.base=/home/xio_mao/Downloads/FCI 4th year/2nd term/Adv. programming/section/section5_AP_DB/section5_radi/src
19-Apr-2026 15:55:01.602 INFO [main] org.apache.catalina.startup.VersionLoggerListener.log Command line argument: -Djava.io.tmpdir=/home/xio_mao/Downloads/FCI 4th year/2nd term/Adv. programming/section/section5_AP_DB/section5_radi/src/temp
19-Apr-2026 15:55:01.602 INFO [main] org.apache.catalina.startup.VersionLoggerListener.log Command line argument: -Djava.util.logging.config.file=/home/xio_mao/Downloads/FCI 4th year/2nd term/Adv. programming/section/section5_AP_DB/section5_radi/src/conf/logging.properties
19-Apr-2026 15:55:01.602 INFO [main] org.apache.catalina.startup.VersionLoggerListener.log Command line argument: -Djava.util.logging.manager=org.apache.juli.ClassLoaderLogManager
19-Apr-2026 15:55:01.603 INFO [main] org.apache.catalina.startup.VersionLoggerListener.log Command line argument: -javaagent:/snap/intellij-idea-community/737/lib/idea_rt.jar=41713
19-Apr-2026 15:55:01.603 INFO [main] org.apache.catalina.startup.VersionLoggerListener.log Command line argument: -Dfile.encoding=UTF-8
19-Apr-2026 15:55:01.603 INFO [main] org.apache.catalina.startup.VersionLoggerListener.log Command line argument: -Dsun.stdout.encoding=UTF-8
19-Apr-2026 15:55:01.604 INFO [main] org.apache.catalina.startup.VersionLoggerListener.log Command line argument: -Dsun.stderr.encoding=UTF-8
19-Apr-2026 15:55:01.607 INFO [main] org.apache.catalina.core.AprLifecycleListener.lifecycleEvent The Apache Tomcat Native library which allows using OpenSSL was not found on the java.library.path: [/usr/java/packages/lib:/usr/lib64:/lib64:/lib:/usr/lib]
19-Apr-2026 15:55:02.618 INFO [main] org.apache.coyote.AbstractProtocol.init Initializing ProtocolHandler ["http-nio-8080"]
19-Apr-2026 15:55:02.680 INFO [main] org.apache.catalina.startup.Catalina.load Server initialization in [1703] milliseconds
19-Apr-2026 15:55:02.782 INFO [main] org.apache.catalina.core.StandardService.startInternal Starting service [Catalina]
19-Apr-2026 15:55:02.784 INFO [main] org.apache.catalina.core.StandardEngine.startInternal Starting Servlet engine: [Apache Tomcat/10.1.52]
19-Apr-2026 15:55:02.805 INFO [main] org.apache.catalina.startup.HostConfig.deployDescriptor Deploying deployment descriptor [/home/xio_mao/Downloads/FCI 4th year/2nd term/Adv. programming/section/section5_AP_DB/section5_radi/src/conf/Catalina/localhost/api.xml]
19-Apr-2026 15:55:05.600 INFO [main] org.apache.jasper.servlet.TldScanner.scanJars At least one JAR was scanned for TLDs yet contained no TLDs. Enable debug logging for this logger for a complete list of JARs that were scanned but no TLDs were found in them. Skipping unneeded JARs during scanning can improve startup time and JSP compilation time.
19-Apr-2026 15:55:05.713 INFO [main] org.apache.catalina.startup.HostConfig.deployDescriptor Deployment of deployment descriptor [/home/xio_mao/Downloads/FCI 4th year/2nd term/Adv. programming/section/section5_AP_DB/section5_radi/src/conf/Catalina/localhost/api.xml] has finished in [2,907] ms
19-Apr-2026 15:55:05.720 INFO [main] org.apache.coyote.AbstractProtocol.start Starting ProtocolHandler ["http-nio-8080"]
19-Apr-2026 15:55:05.738 INFO [main] org.apache.catalina.startup.Catalina.start Server startup in [3054] milliseconds
19-Apr-2026 15:56:10.376 INFO [Thread-1] org.apache.coyote.AbstractProtocol.pause Pausing ProtocolHandler ["http-nio-8080"]
19-Apr-2026 15:56:10.378 INFO [Thread-1] org.apache.catalina.core.StandardService.stopInternal Stopping service [Catalina]
19-Apr-2026 15:56:10.388 WARNING [Thread-1] org.apache.catalina.loader.WebappClassLoaderBase.clearReferencesJdbc The web application [api] registered the JDBC driver [com.mysql.cj.jdbc.Driver] but failed to unregister it when the web application was stopped. To prevent a memory leak, the JDBC Driver has been forcibly unregistered.
19-Apr-2026 15:56:10.389 WARNING [Thread-1] org.apache.catalina.loader.WebappClassLoaderBase.clearReferencesThreads The web application [api] appears to have started a thread named [mysql-cj-abandoned-connection-cleanup] but has failed to stop it. This is very likely to create a memory leak. Stack trace of thread:
 java.base/jdk.internal.misc.Unsafe.park(Native Method)
 java.base/java.util.concurrent.locks.LockSupport.parkNanos(LockSupport.java:269)
 java.base/java.util.concurrent.locks.AbstractQueuedSynchronizer$ConditionObject.await(AbstractQueuedSynchronizer.java:1852)
 java.base/java.lang.ref.ReferenceQueue.await(ReferenceQueue.java:71)
 java.base/java.lang.ref.ReferenceQueue.remove0(ReferenceQueue.java:143)
 java.base/java.lang.ref.ReferenceQueue.remove(ReferenceQueue.java:218)
 com.mysql.cj.jdbc.AbandonedConnectionCleanupThread.run(AbandonedConnectionCleanupThread.java:84)
 java.base/java.util.concurrent.ThreadPoolExecutor.runWorker(ThreadPoolExecutor.java:1144)
 java.base/java.util.concurrent.ThreadPoolExecutor$Worker.run(ThreadPoolExecutor.java:642)
 java.base/java.lang.Thread.run(Thread.java:1583)
19-Apr-2026 15:56:10.397 INFO [Thread-1] org.apache.coyote.AbstractProtocol.stop Stopping ProtocolHandler ["http-nio-8080"]
19-Apr-2026 15:56:10.404 INFO [Thread-1] org.apache.coyote.AbstractProtocol.destroy Destroying ProtocolHandler ["http-nio-8080"]
